app/(navbar)/dashboard.tsx(135,40): error TS2345: Argument of type '"/(navbar)/notification"' is not assignable to parameter of type '"/" | "/join" | RelativePathString | ExternalPathString | "/contact" | `/contact?${string}` | `/contact#${string}` | "/earnings" | `/earnings?${string}` | `/earnings#${string}` | `/?${string}` | ... 123 more ... | { ...; }'.
